{'prompt': 'what is a super weird random query 12345', 'result': HallucinationResult(score=0.805, label='high', calibration_score=0.6462911367416382, uncertainty_score=0.6462911367416382, cross_check_score=1.0, weights_used={'w1': 0.25, 'w2': 0.3, 'w3': 0.45}, explanation='Critical hallucination detected: Severe disagreement between models. low token confidence (0.65), high response variance (0.65), model disagreement (1.00)'), 'calibration_detail': {'response': "Sure, I'd be happy to help you with that query. Here's a super weird and random query to try out:\n\n```\nselect *\nfrom table\nwhere column1 = 12345;\n```\n\nThis query would search for all rows where the column1 value is 12345. As for the query itself, it's a simple SELECT statement with a WHERE clause that matches all rows where the column1 value is 12345. The query is super weird because it's searching for a specific value in a table, but it'", 'mean_confidence': 0.6462911367416382}, 'uncertainty_detail': {'uncertainty_score': 0.6462911367416382, 'normalized_entropy': np.float64(0.9999999997114609), 'n_semantic_clusters': 2, 'mean_pairwise_similarity': 0.3537088632583618, 'cluster_labels': [1, 0], 'embeddings': [[0.006357849109917879, 0.02008366957306862, -0.06692575663328171, -0.03491049259901047, -0.04411953687667847, 0.031231451779603958, 0.04616900160908699, -0.0008409247384406626, -0.07060489058494568, 0.009980659000575542, 0.055029988288879395, 0.08063916116952896, 0.0654328316450119, -0.11341472715139389, -0.006877802778035402, -0.011972032487392426, 0.03711087629199028, 0.09528793394565582, -0.028023794293403625, 0.021440986543893814, -0.03987787663936615, -0.02961588092148304, -0.05100604146718979, -0.010712157934904099, 0.04910165071487427, 0.02033683843910694, 0.026346057653427124, -0.019079474732279778, 0.02911553718149662, -0.03063187748193741, -0.07315163314342499, -0.009143914096057415, -0.10696724057197571, 0.0892048105597496, 0.07004082947969437, -0.042358435690402985, -0.03536282107234001, -0.029048312455415726, 0.0438900925219059, -0.018793277442455292, -0.036914389580488205, 0.0032444775570183992, 0.034845639020204544, 0.021973993629217148, 0.029077978804707527, -0.01628176122903824, -0.07115940004587173, 0.028092386201024055, -0.024330686777830124, -0.018768182024359703, -0.027215663343667984, 0.06338991224765778, 0.02228531241416931, 0.01721779815852642, 0.09274720400571823, -0.028895610943436623, -0.11235149949789047, -0.06619015336036682, -0.07418973743915558, 0.09110409766435623, -0.03361116722226143, -0.04377357289195061, 0.019542746245861053, -0.01196841150522232, -0.04672626778483391, -0.022620907053351402, -0.08171238750219345, -0.01764848828315735, 0.05475769564509392, -0.030246544629335403, -0.0232967771589756, 0.021253371611237526, 0.000702430319506675, -0.007615135982632637, -0.06996500492095947, 0.07051520049571991, 0.030095690861344337, -0.03871231526136398, 0.0029187933541834354, 0.0840819776058197, -0.07129678130149841, -0.04661063849925995, -0.07643342018127441, -0.01789780519902706, 0.045226939022541046, -0.10827462375164032, 0.057724080979824066, 0.0027756683994084597, 0.013461452908813953, -0.03409832715988159, 0.03186674788594246, -0.0155376261100173, -0.0008316430612467229, -0.04069207236170769, -0.029630174860358238, -0.032227616757154465, 0.05909290164709091, -0.03953999653458595, 0.04997528716921806, -0.018608037382364273, -0.00993697252124548, 0.026222525164484978, -0.007168934680521488, -0.03657937049865723, -0.1700647473335266, 0.05500549450516701, 0.005951945669949055, 0.018762903288006783, 0.06463955342769623, -0.07786600291728973, -0.06832105666399002, -0.0203187707811594, 0.040605295449495316, -0.10844694823026657, 0.05985946208238602, -0.007976541295647621, 0.009128542616963387, -0.04991724714636803, 0.0241086483001709, -0.007141205482184887, -0.07455339282751083, -0.01810057833790779, -0.0670911893248558, 0.05600623041391373, -0.0454828254878521, -0.013502415269613266, -0.007921026088297367, 1.540047750613415e-33, 0.008124192245304585, -0.07314368337392807, -0.0012678388739004731, -0.07290337979793549, -0.0064298962242901325, 0.02914809249341488, 0.012151078321039677, 0.07236605882644653, 0.043783657252788544, 0.06674151122570038, 0.08386512100696564, -0.036714937537908554, -0.0051197148859500885, -0.033958520740270615, -0.0695822611451149, 0.05306648835539818, 0.053037259727716446, -0.10457947105169296, 4.451908534974791e-05, -0.1025034710764885, -0.0011749423574656248, -0.06814070791006088, -0.02657976932823658, 0.0025085718370974064, 0.034062426537275314, 0.019412172958254814, -0.04071098938584328, -0.012564616277813911, 0.0683332309126854, 0.0435556061565876, -0.02814817987382412, 0.00934829656034708, -0.15021824836730957, -0.056143105030059814, 0.01991022378206253, 0.03248782455921173, 0.01675422117114067, 0.12854720652103424, 0.07597321271896362, -0.010497091338038445, -0.011330840177834034, -0.04701504856348038, 0.021943064406514168, 0.029566915705800056, 0.04991116747260094, -0.007810770533978939, 0.01612747646868229, -0.029475901275873184, -0.05538434162735939, -0.10454708337783813, 0.002483612857758999, 0.017258038744330406, -0.040456801652908325, -0.029182162135839462, 0.15131111443042755, -0.03146848827600479, 0.002376812044531107, 0.04529672488570213, -0.004625688306987286, 0.1337849497795105, -0.041021015495061874, -0.06577834486961365, 0.01830771379172802, 0.000966910389252007, -0.04599989205598831, 0.07394273579120636, 0.0314631350338459, 0.0009879041463136673, 0.011447340250015259, 0.1261463165283203, 0.009161201305687428, 0.05832400918006897, 0.057996515184640884, 0.009531705640256405, 0.009834268130362034, -0.037778113037347794, 0.0804423838853836, 0.025484025478363037, 0.03700549900531769, 0.06968967616558075, 0.04172513633966446, -0.0027731324080377817, -0.048587244004011154, 0.09402675181627274, -0.02165786363184452, -0.013935658149421215, -0.005029021762311459, -0.018594803288578987, -0.039204008877277374, -0.034459568560123444, 0.059893231838941574, 0.03161212056875229, 0.012170021422207355, -0.04828295484185219, -0.030474219471216202, -5.105711590996619e-33, 0.008929016999900341, -0.022063927724957466, 0.026547105982899666, -0.08164571970701218, 0.029249966144561768, -0.023500923067331314, 0.05220712721347809, -0.060196731239557266, -0.0037346812896430492, 0.060944028198719025, -0.008013435639441013, 0.04073214530944824, -0.0020536344964057207, -0.041338000446558, -0.05799786373972893, 0.1363443285226822, -0.09119933843612671, 0.05580064281821251, -0.03349531814455986, 0.05963006988167763, -0.1312752515077591, 0.07915164530277252, -0.015115020796656609, 0.08693670481443405, 0.00956702884286642, 0.0300294179469347, 0.05338330566883087, -0.004647871013730764, -0.0495833083987236, 0.08038202673196793, -0.008673913776874542, -0.07471903413534164, -0.04977912828326225, -0.007401496171951294, -0.08023074269294739, -0.004833988845348358, -0.04195355996489525, -0.020111512392759323, -0.007237203419208527, 0.033616773784160614, 0.012829340994358063, -0.029910458251833916, 0.0803886279463768, 0.052121538668870926, -0.045704472810029984, -0.023300394415855408, 0.012333692982792854, 0.0006121645565144718, -0.013993112370371819, 0.058330100029706955, 0.025862151756882668, 0.006331201177090406, 0.013912213034927845, 0.07855983823537827, 0.06121380627155304, -0.012891423888504505, -0.05610356852412224, 0.0750727653503418, -0.022805320098996162, 0.021779922768473625, -0.029404480010271072, 0.09489709883928299, -0.034593529999256134, 0.04808582738041878, 0.02038654312491417, 0.01736707240343094, -0.04861385375261307, -0.010760747827589512, -0.05406004562973976, 0.04827577993273735, -0.003522951388731599, -0.0005148837808519602, -0.009431183338165283, 0.03601037338376045, 0.0036829120945185423, 0.09891525655984879, -0.06088561192154884, 0.05021753907203674, -0.05928738787770271, -0.000697312701959163, 0.018593857064843178, -0.037529800087213516, 0.018377171829342842, -0.03547666221857071, -0.0722116157412529, 0.037667833268642426, -0.03699937090277672, 0.013263345696032047, 0.011919161304831505, -0.0030843031127005816, -0.027875104919075966, -0.03217501565814018, -0.008890487253665924, -0.09417054802179337, 0.026141690090298653, -3.176807084059874e-08, -0.039638034999370575, -0.043351080268621445, 0.03549817204475403, -0.033095911145210266, 0.03848012909293175, 0.035090334713459015, -0.05958575755357742, 0.0828307643532753, -0.031394924968481064, 0.0179741308093071, 0.019654100760817528, 0.03925567865371704, 0.0011377239134162664, -0.0709780603647232, -0.09219398349523544, -0.06138898804783821, 0.012689088471233845, -0.07888954877853394, 0.0124415447935462, 0.004884823691099882, 0.0504530668258667, 0.091839998960495, 0.01444652583450079, -0.024169759824872017, -0.01203949935734272, -0.005829140078276396, -0.11102071404457092, 0.06687315553426743, 0.03564085066318512, -0.04396042227745056, 0.0767885223031044, 0.00047574486234225333, -0.023586470633745193, -0.08675939589738846, 0.07679346203804016, 0.020348748192191124, 0.042575474828481674, -0.04160424321889877, -0.07931281626224518, -0.022390922531485558, 0.024845924228429794, -0.02278827875852585, -0.06388173252344131, 0.011689115315675735, -0.08821126818656921, 0.002743870485574007, 0.08798081427812576, -0.10745099186897278, 0.0680614560842514, -0.04910275340080261, -0.020458867773413658, -0.0583127997815609, 0.0362403579056263, -0.025377800688147545, -0.0858789011836052, 0.027965497225522995, -0.00023771838459651917, 0.07967827469110489, -0.012701905332505703, -0.018028460443019867, 0.030647680163383484, -0.02421756088733673, -0.00920921005308628, 0.02009636163711548], [-0.10179885476827621, -0.014471164904534817, 0.0008288524113595486, 0.010998552665114403, -0.028891712427139282, -0.039823394268751144, 0.12355243414640427, 0.000998457777313888, 0.0045448532328009605, -0.05512532219290733, -0.00042773521272465587, -0.0003190644201822579, 0.02426174096763134, -0.08769893646240234, -0.11990238726139069, -0.03904445841908455, 0.0365968756377697, -0.09675837308168411, -0.05589143559336662, 0.030006645247340202, -0.00546678714454174, 0.09731297940015793, 0.0015205173986032605, 0.0027781499084085226, 0.020281819626688957, -0.0005200369632802904, 0.056748270988464355, -0.04886741563677788, 0.03976927697658539, 0.0013053200673311949, -0.0023622759617865086, 0.07825323194265366, -0.0969138890504837, 0.05444636568427086, 0.017719097435474396, -0.033124927431344986, -0.021520232781767845, -0.019213497638702393, -0.009126637130975723, -0.02479107864201069, -0.003996577579528093, -0.03489561006426811, 0.018421603366732597, 0.04463590309023857, -0.011960098519921303, 0.005756397265940905, -0.1103728860616684, 5.521046477952041e-05, -0.03542649373412132, 0.0042033749632537365, -0.08626486361026764, -0.03327622264623642, -0.014751425012946129, 0.032716941088438034, 0.03543667867779732, -0.028629370033740997, -0.0880807563662529, 0.02043413184583187, -0.020780764520168304, 0.07635966688394547, 0.035256557166576385, -0.016419734805822372, 0.010727754794061184, 0.01032923348248005, 0.05379720777273178, -0.07136790454387665, -0.021170277148485184, -0.010411053895950317, 0.032021377235651016, -0.055195845663547516, -0.0252066757529974, 0.044517822563648224, -0.06311377882957458, 0.10926178842782974, 0.03265080600976944, 0.08339288830757141, -0.05563318729400635, -0.09618856012821198, -0.008242526091635227, 0.06656969338655472, -0.04580795392394066, -0.049790043383836746, 0.04321669787168503, 0.039279401302337646, 0.08840838074684143, -0.05628088861703873, 0.09489788115024567, 0.038251254707574844, -0.002150098793208599, -0.01066824235022068, -0.08444826304912567, -0.03603499010205269, 0.04743988439440727, 0.020322270691394806, -0.015428007580339909, 0.045293278992176056, 0.025855133309960365, -0.05891899764537811, 0.004683386068791151, 0.043299295008182526, 0.0637289434671402, 0.03908257186412811, 0.037706248462200165, 0.02539447881281376, -0.0617850199341774, 0.027125393971800804, -0.0063948254100978374, 0.0014235640410333872, 0.08493945747613907, -0.12456265836954117, -0.0921998992562294, 0.00953763909637928, 0.014161070808768272, -0.13482584059238434, -0.062186457216739655, -0.057277973741292953, -0.012675609439611435, 0.0024556838907301426, -0.015363951213657856, 0.016767116263508797, -0.01441941037774086, 0.06584276258945465, -0.10627777874469757, -0.07889033108949661, 9.684643737273291e-05, 0.03731932491064072, -0.039199769496917725, 4.818862408556676e-34, 0.06712251901626587, -0.06588472425937653, 0.016026383265852928, 0.03944612666964531, 0.06313155591487885, 0.043527740985155106, -0.0790838822722435, 0.06970605999231339, 0.05199097841978073, 0.06282155960798264, 0.03477444872260094, -0.047253210097551346, 0.010407639667391777, -0.010211972519755363, -0.027341049164533615, 0.040756937116384506, -0.03155491128563881, 0.002044600434601307, 0.027056243270635605, -0.013728420250117779, 0.05819828808307648, 0.061142127960920334, 0.050284046679735184, -0.008685669861733913, 0.04663001745939255, 0.09827683866024017, -0.049648210406303406, -0.007940264418721199, 0.10892699658870697, 0.05344086512923241, -0.07221895456314087, 0.01575280725955963, -0.043004948645830154, -0.07544182240962982, 0.023240292444825172, 0.03553067520260811, 0.06642244011163712, -0.05481383204460144, -0.03255848214030266, -0.014291834086179733, -0.024239009246230125, -0.034569159150123596, 0.014200059697031975, 0.009931116364896297, -0.02997065894305706, 0.05828582122921944, 0.00418108468875289, 0.020953280851244926, -0.04027397185564041, -0.027653856202960014, -0.07422392070293427, -0.013074321672320366, 0.046130094677209854, -0.014194280840456486, 0.06990380585193634, -0.08040212839841843, 0.06361697614192963, 0.011244067922234535, -0.05504851043224335, 0.04923970624804497, 0.01655789278447628, -0.00526037160307169, 0.007676164619624615, -0.005546935833990574, 0.013511174358427525, -0.019945478066802025, 0.028002947568893433, -0.027111204341053963, 0.09610418975353241, 0.06282079964876175, 0.0445537269115448, 0.026122530922293663, 0.030304647982120514, -0.04279576614499092, -0.03592437133193016, -0.002863657893612981, 0.01930318959057331, 0.07433066517114639, 0.035176243633031845, 0.03060794807970524, 0.07488639652729034, -0.08594638109207153, -0.008060634136199951, -0.02330746315419674, -0.0770033523440361, 0.06219904124736786, 0.006216255482286215, -0.02985689975321293, -0.03762887045741081, -0.0008729691617190838, 0.06131227687001228, 0.003839903511106968, 0.06950521469116211, -0.02379513904452324, -0.009663322940468788, -2.5404293508421794e-33, -0.10437113791704178, -0.028083560988307, -0.12378919869661331, 0.05088149383664131, 0.02927364967763424, -0.06023621931672096, -0.025832150131464005, -0.012826824560761452, 0.008660188876092434, 0.009132546372711658, -0.04128214344382286, -0.03554621338844299, 0.0903712660074234, -0.03694203495979309, 0.06235077604651451, 0.016384512186050415, 0.06248781830072403, -0.019643524661660194, -0.06402342021465302, 0.059656426310539246, -0.023817189037799835, 0.0944398045539856, -0.07506152987480164, 0.01010521687567234, 0.03337873890995979, 0.07181169837713242, 0.008358734659850597, -0.01876801624894142, -0.01783326081931591, 0.044288359582424164, -0.08778943121433258, -0.016752341762185097, 0.01669429987668991, -0.05859505385160446, -0.05053636431694031, -0.038824763149023056, 0.053422193974256516, -0.029458990320563316, 0.0024121578317135572, -0.047969985753297806, -0.001233675517141819, -0.010667731985449791, 0.07358025014400482, 0.06943061947822571, -0.05702881142497063, -0.028693892061710358, -0.06611061841249466, -0.01605210453271866, 0.005374129395931959, 0.04646046459674835, 0.006019309628754854, -0.004397694952785969, -0.038541413843631744, 0.04938887432217598, -0.04110419377684593, 0.035606373101472855, -0.18671230971813202, 0.11729180812835693, 0.07945805788040161, 0.06735039502382278, 0.005723706912249327, 0.07816258072853088, -0.05016833543777466, 0.01991269923746586, 0.00814279355108738, 0.01701108179986477, -0.09606985002756119, -0.08422098308801651, -0.015536959283053875, -0.06626922637224197, -0.028530225157737732, -0.042090315371751785, -0.024055462330579758, 0.024080831557512283, -0.00547800213098526, 0.00020973979553673416, 0.019468721002340317, -0.021967140957713127, -0.04106192663311958, 0.03843379020690918, 0.02846064791083336, 0.004034451674669981, -0.011264448054134846, 0.06273568421602249, -0.03698434308171272, -0.05845275893807411, -0.0438062958419323, 0.12880240380764008, 0.05664750188589096, -0.016422292217612267, -0.0016921706264838576, 0.0153952082619071, -0.07371082156896591, 0.05002913251519203, -0.01975938491523266, -3.305454043811551e-08, 0.020467648282647133, 0.027310069650411606, -0.023127488791942596, 0.0442519374191761, 0.05760202184319496, 0.009111632592976093, -0.047570426017045975, 0.08243585377931595, 0.020223403349518776, -0.022333120927214622, 0.027093706652522087, 0.04174391180276871, -0.026278113946318626, -0.051543787121772766, 0.03882947564125061, -0.02017511986196041, -0.07224027812480927, -0.027684981003403664, 0.009555031545460224, -0.06095762550830841, -0.06131235510110855, 0.023225903511047363, 0.029868153855204582, -0.029409904032945633, -0.11863280087709427, 0.04508769512176514, 0.011323373764753342, 0.07917997986078262, 0.048932995647192, -0.06895898282527924, -0.01006149873137474, 0.014591039158403873, -0.01979120634496212, -0.04418874531984329, -0.046165481209754944, 0.07323560863733292, -0.01546010747551918, -0.054328493773937225, 0.011087022721767426, -0.08997493982315063, 0.038130879402160645, -0.04217718169093132, 0.0057584489695727825, 0.058713365346193314, -0.12101652473211288, -0.021433604881167412, 0.058845750987529755, -0.06455953419208527, 0.08064717054367065, -0.030967548489570618, -0.06612703949213028, -0.05821969360113144, 0.01457796897739172, 0.02083117887377739, 0.06130028888583183, -0.012281314469873905, 0.041617780923843384, -0.0035465278197079897, -0.04387437924742699, 0.01716088503599167, 0.11046379059553146, 0.021998925134539604, -0.06616650521755219, 0.0004834903811570257]], 'responses': ["Sure, I can help you with that. Here's a super weird and random query to try out:\n\n```\nselect *\nfrom table\nwhere column1 = 12345;\n```\n\nThis query would search for all rows where the column1 value is 12", 'Random super weird query 12345 is a series of questions that seem out of context, confusing, or unrelated to each other. It is often used in social media posts or in internet memes to generate a sense of humor and shock value.\n\nSome examples of super weird random queries are:']}, 'cross_check_detail': {'cross_check_uncertainty': 1.0, 'verdict': 'neutral', 'agreement_score': 0, 'open_model_response': "Sure, I can help you with that. Here's a super weird and random query to try out:\n\n```\nselect *\nfrom table\nwhere column1 = 12345;\n```\n\nThis query would search for all rows where the column1 value is 12", 'groq_response': '[cross-check failed]', 'symmetric_agreement': 0.0, 'error': "Error code: 401 - {'error': {'message': 'Invalid API Key', 'type': 'invalid_request_error', 'code': 'invalid_api_key'}}"}, 'correction_detail': {'draft': "Sure, I can help you with that. Here's a super weird and random query to try out:\n\n```\nselect *\nfrom table\nwhere column1 = 12345;\n```\n\nThis query would search for all rows where the column1 value is 12", 'critique': "Sure, I'd be happy to help you with that query. Here's a super weird and random query to try out:\n\n```\nselect *\nfrom table\nwhere column1 = 12345;\n```\n\nThis query would search for all rows where the column1 value is 12345. As for the query itself, it's a simple SELECT statement with a WHERE clause that matches all rows where the column1 value is 12345. The query is super weird because it's searching for a specific value in a table, but it'", 'final': "Sure, I'd be happy to help you with that query. Here's a super weird and random query to try out:\n\n```\nselect *\nfrom table\nwhere column1 = 12345;\n```\n\nThis query would search for all rows where the column1 value is 12345. As for the query itself, it's a simple SELECT statement with a WHERE clause that matches all rows where the column1 value is 12345. The query is super weird because it's searching for a specific value in a table, but it'"}, 'explanation_detail': ExplanationResult(flagged_spans=[], contradicting_sentences=[ContradictingSentence(sentence='Sure, I can help you with that.', contradiction_score=0.999, entailment_score=0.0)], signal_pct={'calibration': 12.0, 'semantic_uncertainty': 14.4, 'cross_check': 73.7}, highlighted_html="<p>Sure, I'd be happy to help you with that query. Here's a super weird and random query to try out:\n\n```\nselect *\nfrom table\nwhere column1 = 12345;\n```\n\nThis query would search for all rows where the column1 value is 12345. As for the query itself, it's a simple SELECT statement with a WHERE clause that matches all rows where the column1 value is 12345. The query is super weird because it's searching for a specific value in a table, but it'</p>", recommendations=['🔴 1 sentence(s) contradict the cross-check model. These claims should be verified against authoritative sources.', '📊 The dominant uncertainty signal is cross-model agreement (74% contribution).', '🔻 Strong cross-model disagreement — the two models give conflicting answers.'])}